
> server@1.0.0 build
> rimraf dist && tsc && tsc-alias

